Error: Could not find or load main class com.aigen.sims.GodHandApp
Caused by: java.lang.ClassNotFoundException: com.aigen.sims.GodHandApp
🧠 SIMS1337 — Headless Pipeline
   Phases: mine → deploy → tune → grow
   Running autonomously...

📊 [19:00] 📊 Mining Report
   Scanned: 0
   Generated: 0
   Skipped: 0
   Total: 0 | Pending: 0 | Approved: 0 | Rejected: 0 | Deployed: 0
🚀 [20:00] 🚀 Deploy Report
   Deployed: 0
   Errors: 0
   Total: 0 | Pending: 0 | Approved: 0 | Rejected: 0 | Merged: 0
🔧 [21:00] 🔧 LoRA Tuning
   Elections: 0
   Activated: 0
   Total: 0 | Active: 0 | Testing: 0 | Deprecated: 0
🗺️ [22:00] 🗺️ GUI Component Map


✅ Headless pipeline complete.
   Next cycle in 60 minutes.
🔄 SIMS1337 — Autonomous Loop Started
   Interval: 60 minutes
   Phases: mine → deploy → tune → grow

─── Cycle #1 [Wed Jul 29 00:22:18 GMT 2026] ───
📊 [19:00] 📊 Mining Report
   Scanned: 4
   Generated: 0
   Skipped: 3
   Total: 0 | Pending: 0 | Approved: 0 | Rejected: 0 | Deployed: 0
🚀 [20:00] 🚀 Deploy Report
   Deployed: 0
   Errors: 0
   Total: 0 | Pending: 0 | Approved: 0 | Rejected: 0 | Merged: 0
🔧 [21:00] 🔧 LoRA Tuning
   Elections: 0
   Activated: 0
   Total: 0 | Active: 0 | Testing: 0 | Deprecated: 0
🗺️ [22:00] 🗺️ GUI Component Map

💤 Sleeping 59 min until next cycle...

🔄 SIMS1337 — Autonomous Loop Started
   Interval: 60 minutes
   Phases: mine → deploy → tune → grow

─── Cycle #1 [Sun Sep 13 14:05:18 GMT 2026] ───
📊 [19:00] 📊 Mining Report
   Scanned: 4
   Generated: 0
   Skipped: 3
   Total: 0 | Pending: 0 | Approved: 0 | Rejected: 0 | Deployed: 0
🚀 [20:00] 🚀 Deploy Report
   Deployed: 0
   Errors: 0
   Total: 0 | Pending: 0 | Approved: 0 | Rejected: 0 | Merged: 0
🔧 [21:00] 🔧 LoRA Tuning
   Elections: 0
   Activated: 0
   Total: 0 | Active: 0 | Testing: 0 | Deprecated: 0
🗺️ [22:00] 🗺️ GUI Component Map

💤 Sleeping 59 min until next cycle...

